// Jest Snapshot v1, https://goo.gl/fbAQLP

exports[`HackerNews Component renders without crashing 1`] = `ShallowWrapper {}`;
